main.c:99:6:HAL_UART_RxcpltCallback	16	static
main.c:112:9:OBC_HANDSHAKE	8	static
main.c:131:5:main	32	static
main.c:214:6:SystemClock_Config	88	static
main.c:262:13:MX_RTC_Init	8	static
main.c:292:13:MX_SPI1_Init	8	static
main.c:330:13:MX_SPI2_Init	8	static
main.c:368:13:MX_USART1_UART_Init	8	static
main.c:401:13:MX_USART2_UART_Init	8	static
main.c:434:13:MX_USB_PCD_Init	8	static
main.c:463:13:MX_DMA_Init	16	static
main.c:496:13:MX_GPIO_Init	40	static
main.c:541:6:myprintf	112	static
main.c:556:6:Error_Handler	4	static,ignoring_inline_asm
