main.c:99:6:HAL_UART_RxcpltCallback	16	static
main.c:112:9:OBC_HANDSHAKE	8	static
main.c:134:5:main	32	static
main.c:223:6:SystemClock_Config	88	static
main.c:271:13:MX_RTC_Init	8	static
main.c:301:13:MX_SPI1_Init	8	static
main.c:339:13:MX_SPI2_Init	8	static
main.c:377:13:MX_USART1_UART_Init	8	static
main.c:410:13:MX_USART2_UART_Init	8	static
main.c:443:13:MX_USB_PCD_Init	8	static
main.c:472:13:MX_DMA_Init	16	static
main.c:505:13:MX_GPIO_Init	40	static
main.c:550:6:myprintf	112	static
main.c:565:6:Error_Handler	4	static,ignoring_inline_asm
