stm32f1xx_it.c:81:6:NMI_Handler	4	static
stm32f1xx_it.c:96:6:HardFault_Handler	4	static
stm32f1xx_it.c:111:6:MemManage_Handler	4	static
stm32f1xx_it.c:126:6:BusFault_Handler	4	static
stm32f1xx_it.c:141:6:UsageFault_Handler	4	static
stm32f1xx_it.c:156:6:SVC_Handler	4	static
stm32f1xx_it.c:169:6:DebugMon_Handler	4	static
stm32f1xx_it.c:182:6:PendSV_Handler	4	static
stm32f1xx_it.c:195:6:SysTick_Handler	8	static
stm32f1xx_it.c:216:6:PVD_IRQHandler	8	static
stm32f1xx_it.c:230:6:RTC_IRQHandler	8	static
stm32f1xx_it.c:244:6:FLASH_IRQHandler	8	static
stm32f1xx_it.c:258:6:RCC_IRQHandler	4	static
stm32f1xx_it.c:271:6:DMA1_Channel2_IRQHandler	8	static
stm32f1xx_it.c:285:6:DMA1_Channel3_IRQHandler	8	static
stm32f1xx_it.c:299:6:DMA1_Channel4_IRQHandler	8	static
stm32f1xx_it.c:313:6:DMA1_Channel5_IRQHandler	8	static
stm32f1xx_it.c:327:6:DMA1_Channel6_IRQHandler	8	static
stm32f1xx_it.c:341:6:DMA1_Channel7_IRQHandler	8	static
stm32f1xx_it.c:355:6:USB_HP_CAN1_TX_IRQHandler	8	static
stm32f1xx_it.c:369:6:USB_LP_CAN1_RX0_IRQHandler	8	static
stm32f1xx_it.c:383:6:SPI1_IRQHandler	8	static
stm32f1xx_it.c:397:6:SPI2_IRQHandler	8	static
stm32f1xx_it.c:411:6:USART1_IRQHandler	8	static
stm32f1xx_it.c:425:6:USART2_IRQHandler	8	static
stm32f1xx_it.c:439:6:RTC_Alarm_IRQHandler	8	static
